// Jest Snapshot v1, https://jestjs.io/docs/snapshot-testing

exports[`PostViewComponent renders correctly 1`] = `
<DocumentFragment>
  <div
    class="MuiPaper-root MuiPaper-elevation MuiPaper-rounded MuiPaper-elevation2 MuiCard-root css-1ypifsw-MuiPaper-root-MuiCard-root"
    style="--Paper-shadow: 0px 3px 1px -2px rgba(0,0,0,0.2),0px 2px 2px 0px rgba(0,0,0,0.14),0px 1px 5px 0px rgba(0,0,0,0.12);"
  >
    <div
      class="MuiCardContent-root css-1lt5qva-MuiCardContent-root"
    >
      <div
        class="MuiBox-root css-0"
      >
        <div
          class="MuiBox-root css-21y1cj"
        >
          <h3
            class="MuiTypography-root MuiTypography-h6 css-1vjfruo-MuiTypography-root"
          >
            Test Post Title
          </h3>
          <div
            class="MuiChip-root MuiChip-outlined MuiChip-sizeSmall MuiChip-colorPrimary MuiChip-outlinedPrimary css-19gasz3-MuiChip-root"
          >
            <span
              class="MuiChip-label MuiChip-labelSmall css-19m61dl-MuiChip-label"
            >
              Post #1
            </span>
          </div>
        </div>
        <p
          class="MuiTypography-root MuiTypography-body2 css-19b5ozw-MuiTypography-root"
        >
          This is a test post body with some content to display.
        </p>
        <div
          class="MuiChip-root MuiChip-outlined MuiChip-sizeSmall MuiChip-colorSecondary MuiChip-outlinedSecondary css-1klajg7-MuiChip-root"
        >
          <span
            class="MuiChip-label MuiChip-labelSmall css-19m61dl-MuiChip-label"
          >
            User 1
          </span>
        </div>
      </div>
    </div>
    <div
      class="MuiCardActions-root MuiCardActions-spacing css-15xmi91-MuiCardActions-root"
    >
      <div
        class="MuiBox-root css-1i27l4i"
      >
        <button
          aria-label="edit post"
          class="MuiButtonBase-root MuiButton-root MuiButton-outlined MuiButton-outlinedPrimary MuiButton-sizeSmall MuiButton-outlinedSizeSmall MuiButton-colorPrimary MuiButton-root MuiButton-outlined MuiButton-outlinedPrimary MuiButton-sizeSmall MuiButton-outlinedSizeSmall MuiButton-colorPrimary css-wyro15-MuiButtonBase-root-MuiButton-root"
          tabindex="0"
          type="button"
        >
          <span
            class="MuiButton-icon MuiButton-startIcon MuiButton-iconSizeSmall css-d8i980-MuiButton-startIcon"
          >
            <svg
              aria-hidden="true"
              class="MuiSvgIcon-root MuiSvgIcon-fontSizeMedium css-1umw9bq-MuiSvgIcon-root"
              data-testid="EditIcon"
              focusable="false"
              viewBox="0 0 24 24"
            >
              <path
                d="M3 17.25V21h3.75L17.81 9.94l-3.75-3.75zM20.71 7.04c.39-.39.39-1.02 0-1.41l-2.34-2.34a.996.996 0 0 0-1.41 0l-1.83 1.83 3.75 3.75z"
              />
            </svg>
          </span>
          Edit
        </button>
      </div>
      <button
        aria-label="delete post"
        class="MuiButtonBase-root MuiButton-root MuiButton-outlined MuiButton-outlinedError MuiButton-sizeSmall MuiButton-outlinedSizeSmall MuiButton-colorError MuiButton-root MuiButton-outlined MuiButton-outlinedError MuiButton-sizeSmall MuiButton-outlinedSizeSmall MuiButton-colorError css-1vvreb9-MuiButtonBase-root-MuiButton-root"
        tabindex="0"
        type="button"
      >
        <span
          class="MuiButton-icon MuiButton-startIcon MuiButton-iconSizeSmall css-d8i980-MuiButton-startIcon"
        >
          <svg
            aria-hidden="true"
            class="MuiSvgIcon-root MuiSvgIcon-fontSizeMedium css-1umw9bq-MuiSvgIcon-root"
            data-testid="DeleteIcon"
            focusable="false"
            viewBox="0 0 24 24"
          >
            <path
              d="M6 19c0 1.1.9 2 2 2h8c1.1 0 2-.9 2-2V7H6zM19 4h-3.5l-1-1h-5l-1 1H5v2h14z"
            />
          </svg>
        </span>
        Delete
      </button>
    </div>
  </div>
</DocumentFragment>
`;
